// Jest Snapshot v1, https://goo.gl/fbAQLP

exports[`Compiler: transform context state 1`] = `
Object {
  "code": "const { vShow: _vShow, createElementVNode: _createElementVNode, withDirectives: _withDirectives, openBlock: _openBlock, createElementBlock: _createElementBlock } = Vue;
      return function render(_ctx, _cache, $props, $setup, $data, $options) { 
      return _withDirectives((_openBlock(), _createElementBlock(\\"div\\", null, [])), [[_vShow, _ctx.show]])}",
}
`;
